[     177ms] [ERROR] Failed to load resource: the server responded with a status of 404 (File not found) @ http://localhost:8000/img/logo.png:0
[     184ms] [ERROR] Failed to load resource: the server responded with a status of 404 (File not found) @ http://localhost:8000/img/hero-veterinaria.jpg:0
[     833ms] [WARNING] cdn.tailwindcss.com should not be used in production. To use Tailwind CSS in production, install it as a PostCSS plugin or use the Tailwind CLI: https://tailwindcss.com/docs/installation @ https://cdn.tailwindcss.com/:63
[    1209ms] [ERROR] Failed to load resource: the server responded with a status of 404 (File not found) @ http://localhost:8000/img/logo.png:0
[    1646ms] [ERROR] Failed to load resource: the server responded with a status of 404 (File not found) @ http://localhost:8000/img/favicon.png:0
[    8707ms] [ERROR] Failed to load resource: the server responded with a status of 404 (File not found) @ http://localhost:8000/img/dr-david-aguilar.jpg:0
[   19261ms] [WARNING] cdn.tailwindcss.com should not be used in production. To use Tailwind CSS in production, install it as a PostCSS plugin or use the Tailwind CLI: https://tailwindcss.com/docs/installation @ https://cdn.tailwindcss.com/:63
[   19448ms] [ERROR] Failed to load resource: the server responded with a status of 404 (File not found) @ http://localhost:8000/img/logo.png:0
[   19449ms] [ERROR] Failed to load resource: the server responded with a status of 404 (File not found) @ http://localhost:8000/img/hero-veterinaria.jpg:0
[   19593ms] [ERROR] Failed to load resource: the server responded with a status of 404 (File not found) @ http://localhost:8000/img/logo.png:0
[   20857ms] [ERROR] Failed to load resource: the server responded with a status of 404 (File not found) @ http://localhost:8000/img/dr-david-aguilar.jpg:0
[   22419ms] [ERROR] Failed to load resource: the server responded with a status of 404 (File not found) @ http://localhost:8000/servicios/cirugia-general.html:0
[   22473ms] [ERROR] Failed to load resource: the server responded with a status of 404 (File not found) @ http://localhost:8000/favicon.ico:0
[   28138ms] [ERROR] Failed to load resource: the server responded with a status of 404 (File not found) @ http://localhost:8000/servicios/cirugia-general.html:0
[   29619ms] [ERROR] Failed to load resource: the server responded with a status of 404 (File not found) @ http://localhost:8000/servicios/cirugia-general.html:0
[   30811ms] [ERROR] Failed to load resource: the server responded with a status of 404 (File not found) @ http://localhost:8000/img/logo.png:0
[   30811ms] [ERROR] Failed to load resource: the server responded with a status of 404 (File not found) @ http://localhost:8000/img/hero-veterinaria.jpg:0
[   30822ms] [WARNING] cdn.tailwindcss.com should not be used in production. To use Tailwind CSS in production, install it as a PostCSS plugin or use the Tailwind CLI: https://tailwindcss.com/docs/installation @ https://cdn.tailwindcss.com/:63
[   31048ms] [ERROR] Failed to load resource: the server responded with a status of 404 (File not found) @ http://localhost:8000/img/logo.png:0
[   31083ms] [ERROR] Failed to load resource: the server responded with a status of 404 (File not found) @ http://localhost:8000/img/dr-david-aguilar.jpg:0
[   36324ms] [WARNING] cdn.tailwindcss.com should not be used in production. To use Tailwind CSS in production, install it as a PostCSS plugin or use the Tailwind CLI: https://tailwindcss.com/docs/installation @ https://cdn.tailwindcss.com/:63
[   51212ms] [ERROR] Failed to load resource: the server responded with a status of 404 (File not found) @ http://localhost:8000/img/logo.png:0
[   51212ms] [ERROR] Failed to load resource: the server responded with a status of 404 (File not found) @ http://localhost:8000/img/hero-veterinaria.jpg:0
[   51226ms] [WARNING] cdn.tailwindcss.com should not be used in production. To use Tailwind CSS in production, install it as a PostCSS plugin or use the Tailwind CLI: https://tailwindcss.com/docs/installation @ https://cdn.tailwindcss.com/:63
[   51484ms] [ERROR] Failed to load resource: the server responded with a status of 404 (File not found) @ http://localhost:8000/img/logo.png:0
[   53541ms] [ERROR] Failed to load resource: the server responded with a status of 404 (File not found) @ http://localhost:8000/img/dr-david-aguilar.jpg:0
